time=18:14:49.545 level=INFO msg=負荷走行を開始します
time=18:14:49.545 level=INFO msg=静的ファイルのチェックをスキップします
time=18:14:55.805 level=INFO msg=これまでに地域内の評判によって4人、既存ユーザーの招待経由で4人が新規登録しました
time=18:14:55.805 level=INFO msg=0.0%のライドは椅子がマッチされるまでの時間、100.0%のライドはマッチされた椅子が乗車地点までに掛かる時間、0.0%のライドは椅子の実移動時間に不満がありました
time=18:14:59.405 level=INFO msg=一定の売上が立ったためオーナーの椅子が増加します 名前="ReSit & Renew" 増加数=1
time=18:15:01.205 level=INFO msg=これまでに地域内の評判によって11人、既存ユーザーの招待経由で6人が新規登録しました
time=18:15:01.205 level=INFO msg=44.4%のライドは椅子がマッチされるまでの時間、88.9%のライドはマッチされた椅子が乗車地点までに掛かる時間、0.0%のライドは椅子の実移動時間に不満がありました
time=18:15:04.791 level=INFO msg=一定の売上が立ったためオーナーの椅子が増加します 名前="LuxeLine Taxi" 増加数=1
time=18:15:04.828 level=INFO msg=一定の売上が立ったためオーナーの椅子が増加します 名前=椅子工藝舎 増加数=1
time=18:15:06.605 level=INFO msg=これまでに地域内の評判によって20人、既存ユーザーの招待経由で9人が新規登録しました
time=18:15:06.605 level=INFO msg=63.2%のライドは椅子がマッチされるまでの時間、89.5%のライドはマッチされた椅子が乗車地点までに掛かる時間、0.0%のライドは椅子の実移動時間に不満がありました
time=18:15:06.627 level=INFO msg=一定の売上が立ったためオーナーの椅子が増加します 名前="ReSit & Renew" 増加数=1
time=18:15:06.632 level=INFO msg=一定の売上が立ったためオーナーの椅子が増加します 名前="Vintage Vibe Seats" 増加数=1
time=18:15:08.446 level=INFO msg=一定の売上が立ったためオーナーの椅子が増加します 名前=つばさ交通 増加数=1
time=18:15:10.199 level=INFO msg=一定の売上が立ったためオーナーの椅子が増加します 名前="LuxeLine Taxi" 増加数=1
time=18:15:10.207 level=INFO msg=一定の売上が立ったためオーナーの椅子が増加します 名前="ReSit & Renew" 増加数=1
time=18:15:12.005 level=INFO msg=これまでに地域内の評判によって31人、既存ユーザーの招待経由で9人が新規登録しました
time=18:15:12.005 level=INFO msg=74.1%のライドは椅子がマッチされるまでの時間、92.6%のライドはマッチされた椅子が乗車地点までに掛かる時間、0.0%のライドは椅子の実移動時間に不満がありました
time=18:15:12.049 level=INFO msg=一定の売上が立ったためオーナーの椅子が増加します 名前="LuxeLine Taxi" 増加数=1
time=18:15:13.922 level=INFO msg=一定の売上が立ったためオーナーの椅子が増加します 名前="ReSit & Renew" 増加数=1
time=18:15:15.714 level=INFO msg=一定の売上が立ったためオーナーの椅子が増加します 名前="ReSit & Renew" 増加数=1
time=18:15:16.633 level=WARN msg="取得したオーナーの椅子一覧の情報が想定しているものと異なります (CODE=26): total_distanceの反映が遅いデータがあります (id: 01M43347FV8W2N29NG5PBQHJEM)"
time=18:15:17.410 level=INFO msg=これまでに地域内の評判によって38人、既存ユーザーの招待経由で9人が新規登録しました
time=18:15:17.410 level=INFO msg=これまでに低評価なライドによって2人が利用をやめました
time=18:15:17.410 level=INFO msg=80.6%のライドは椅子がマッチされるまでの時間、94.4%のライドはマッチされた椅子が乗車地点までに掛かる時間、6.9%のライドは椅子の実移動時間に不満がありました
time=18:15:17.491 level=INFO msg=一定の売上が立ったためオーナーの椅子が増加します 名前=椅子工藝舎 増加数=1
time=18:15:19.330 level=INFO msg=一定の売上が立ったためオーナーの椅子が増加します 名前="LuxeLine Taxi" 増加数=1
time=18:15:21.042 level=INFO msg=一定の売上が立ったためオーナーの椅子が増加します 名前=つばさ交通 増加数=1
time=18:15:22.805 level=INFO msg=これまでに地域内の評判によって44人、既存ユーザーの招待経由で9人が新規登録しました
time=18:15:22.805 level=INFO msg=これまでに低評価なライドによって9人が利用をやめました
time=18:15:22.805 level=INFO msg=85.4%のライドは椅子がマッチされるまでの時間、95.8%のライドはマッチされた椅子が乗車地点までに掛かる時間、21.9%のライドは椅子の実移動時間に不満がありました
time=18:15:22.857 level=INFO msg=一定の売上が立ったためオーナーの椅子が増加します 名前="ReSit & Renew" 増加数=1
time=18:15:22.892 level=INFO msg=一定の売上が立ったためオーナーの椅子が増加します 名前="Vintage Vibe Seats" 増加数=1
time=18:15:28.205 level=INFO msg=これまでに地域内の評判によって50人、既存ユーザーの招待経由で9人が新規登録しました
time=18:15:28.205 level=INFO msg=これまでに低評価なライドによって13人が利用をやめました
time=18:15:28.205 level=INFO msg=87.7%のライドは椅子がマッチされるまでの時間、96.5%のライドはマッチされた椅子が乗車地点までに掛かる時間、24.6%のライドは椅子の実移動時間に不満がありました
time=18:15:30.073 level=INFO msg=一定の売上が立ったためオーナーの椅子が増加します 名前=つばさ交通 増加数=1
time=18:15:30.078 level=INFO msg=一定の売上が立ったためオーナーの椅子が増加します 名前="Vintage Vibe Seats" 増加数=1
time=18:15:30.160 level=INFO msg=一定の売上が立ったためオーナーの椅子が増加します 名前="ReSit & Renew" 増加数=1
time=18:15:31.902 level=INFO msg=一定の売上が立ったためオーナーの椅子が増加します 名前=椅子工藝舎 増加数=2
time=18:15:33.605 level=INFO msg=これまでに地域内の評判によって56人、既存ユーザーの招待経由で9人が新規登録しました
time=18:15:33.605 level=INFO msg=これまでに低評価なライドによって19人が利用をやめました
time=18:15:33.605 level=INFO msg=89.7%のライドは椅子がマッチされるまでの時間、95.6%のライドはマッチされた椅子が乗車地点までに掛かる時間、30.9%のライドは椅子の実移動時間に不満がありました
time=18:15:33.606 level=INFO msg=一定の売上が立ったためオーナーの椅子が増加します 名前="Vintage Vibe Seats" 増加数=1
time=18:15:39.005 level=INFO msg=これまでに地域内の評判によって62人、既存ユーザーの招待経由で10人が新規登録しました
time=18:15:39.005 level=INFO msg=これまでに低評価なライドによって24人が利用をやめました
time=18:15:39.005 level=INFO msg=90.7%のライドは椅子がマッチされるまでの時間、94.7%のライドはマッチされた椅子が乗車地点までに掛かる時間、33.3%のライドは椅子の実移動時間に不満がありました
time=18:15:39.224 level=INFO msg=一定の売上が立ったためオーナーの椅子が増加します 名前="LuxeLine Taxi" 増加数=2
time=18:15:41.187 level=INFO msg=一定の売上が立ったためオーナーの椅子が増加します 名前="ReSit & Renew" 増加数=3
time=18:15:44.405 level=INFO msg=これまでに地域内の評判によって68人、既存ユーザーの招待経由で10人が新規登録しました
time=18:15:44.405 level=INFO msg=これまでに低評価なライドによって25人が利用をやめました
time=18:15:44.405 level=INFO msg=91.0%のライドは椅子がマッチされるまでの時間、93.6%のライドはマッチされた椅子が乗車地点までに掛かる時間、34.6%のライドは椅子の実移動時間に不満がありました
time=18:15:48.052 level=INFO msg=一定の売上が立ったためオーナーの椅子が増加します 名前="ReSit & Renew" 増加数=1
time=18:15:49.805 level=INFO msg=これまでに地域内の評判によって74人、既存ユーザーの招待経由で11人が新規登録しました
time=18:15:49.805 level=INFO msg=これまでに低評価なライドによって28人が利用をやめました
time=18:15:49.805 level=INFO msg=91.9%のライドは椅子がマッチされるまでの時間、90.7%のライドはマッチされた椅子が乗車地点までに掛かる時間、37.8%のライドは椅子の実移動時間に不満がありました
time=18:15:49.849 level=INFO msg=一定の売上が立ったためオーナーの椅子が増加します 名前="ReSit & Renew" 増加数=1
time=18:15:55.405 level=INFO msg=最終地域情報 名前=チェアタウン ユーザー登録数=47 アクティブユーザー数=34
time=18:15:55.405 level=INFO msg=最終地域情報 名前=コシカケシティ ユーザー登録数=48 アクティブユーザー数=33
time=18:15:55.405 level=INFO msg=最終オーナー情報 名前="Vintage Vibe Seats" 売上=69100 椅子数=8
time=18:15:55.405 level=INFO msg=最終オーナー情報 名前=椅子工藝舎 売上=73600 椅子数=8
time=18:15:55.405 level=INFO msg=最終オーナー情報 名前=つばさ交通 売上=51700 椅子数=7
time=18:15:55.405 level=INFO msg=最終オーナー情報 名前="LuxeLine Taxi" 売上=111100 椅子数=10
time=18:15:55.405 level=INFO msg=最終オーナー情報 名前="ReSit & Renew" 売上=208900 椅子数=16
time=18:15:55.405 level=INFO msg=91.9%のライドは椅子がマッチされるまでの時間、90.7%のライドはマッチされた椅子が乗車地点までに掛かる時間、37.8%のライドは椅子の実移動時間に不満がありました
time=18:15:55.405 level=INFO msg=結果 pass=true スコア=8715 種別エラー数=map[26:1]
time=18:15:55.405 level=INFO msg=負荷走行が終了しました
